Archive member included to satisfy reference by file (symbol)

C:/avr8-gnu-toolchain/bin/../lib/gcc/avr/15.1.0/avr51\libgcc.a(_udivmodhi4.o)
                              trace_manager.o (__udivmodhi4)
C:/avr8-gnu-toolchain/bin/../lib/gcc/avr/15.1.0/avr51\libgcc.a(_divmodhi4.o)
                              Peripheral/uart.o (__divmodhi4)
C:/avr8-gnu-toolchain/bin/../lib/gcc/avr/15.1.0/avr51\libgcc.a(_udivmodsi4.o)
                              Peripheral/uart.o (__udivmodsi4)
C:/avr8-gnu-toolchain/bin/../lib/gcc/avr/15.1.0/avr51\libgcc.a(_divmodsi4.o)
                              Peripheral/video.o (__divmodsi4)
C:/avr8-gnu-toolchain/bin/../lib/gcc/avr/15.1.0/avr51\libgcc.a(_negsi2.o)
                              C:/avr8-gnu-toolchain/bin/../lib/gcc/avr/15.1.0/avr51\libgcc.a(_divmodsi4.o) (__negsi2)
C:/avr8-gnu-toolchain/bin/../lib/gcc/avr/15.1.0/avr51\libgcc.a(_exit.o)
                              C:/avr8-gnu-toolchain/bin/../lib/gcc/avr/15.1.0/../../../../avr/lib/avr51/crtatmega128.o (exit)
C:/avr8-gnu-toolchain/bin/../lib/gcc/avr/15.1.0/avr51\libgcc.a(_tablejump2.o)
                              encoder_manager.o (__tablejump2__)
C:/avr8-gnu-toolchain/bin/../lib/gcc/avr/15.1.0/avr51\libgcc.a(_copy_data.o)
                              main.o (__do_copy_data)
C:/avr8-gnu-toolchain/bin/../lib/gcc/avr/15.1.0/avr51\libgcc.a(_clear_bss.o)
                              Peripheral/input.o (__do_clear_bss)
C:/avr8-gnu-toolchain/bin/../lib/gcc/avr/15.1.0/avr51\libgcc.a(_muluhisi3.o)
                              display_manager.o (__muluhisi3)
C:/avr8-gnu-toolchain/bin/../lib/gcc/avr/15.1.0/avr51\libgcc.a(_mulsidi3.o)
                              trace_manager.o (__mulsidi3)
C:/avr8-gnu-toolchain/bin/../lib/gcc/avr/15.1.0/avr51\libgcc.a(_umulsidi3.o)
                              C:/avr8-gnu-toolchain/bin/../lib/gcc/avr/15.1.0/avr51\libgcc.a(_mulsidi3.o) (__umulsidi3_helper)
C:/avr8-gnu-toolchain/bin/../lib/gcc/avr/15.1.0/avr51\libgcc.a(_adddi3.o)
                              trace_manager.o (__adddi3)
C:/avr8-gnu-toolchain/bin/../lib/gcc/avr/15.1.0/avr51\libgcc.a(_umulhisi3.o)
                              C:/avr8-gnu-toolchain/bin/../lib/gcc/avr/15.1.0/avr51\libgcc.a(_muluhisi3.o) (__umulhisi3)
C:/avr8-gnu-toolchain/bin/../lib/gcc/avr/15.1.0/avr51\libgcc.a(_muldi3_6.o)
                              C:/avr8-gnu-toolchain/bin/../lib/gcc/avr/15.1.0/avr51\libgcc.a(_umulsidi3.o) (__muldi3_6)
C:/avr8-gnu-toolchain/bin/../lib/gcc/avr/15.1.0/../../../../avr/lib/avr51\libm.a(addsf3.o)
                              Peripheral/uart.o (__subsf3)
C:/avr8-gnu-toolchain/bin/../lib/gcc/avr/15.1.0/../../../../avr/lib/avr51\libm.a(addsf3x.o)
                              C:/avr8-gnu-toolchain/bin/../lib/gcc/avr/15.1.0/../../../../avr/lib/avr51\libm.a(addsf3.o) (__addsf3x)
C:/avr8-gnu-toolchain/bin/../lib/gcc/avr/15.1.0/../../../../avr/lib/avr51\libm.a(cmpsf2.o)
                              cursor_manager.o (__eqsf2)
C:/avr8-gnu-toolchain/bin/../lib/gcc/avr/15.1.0/../../../../avr/lib/avr51\libm.a(divsf3.o)
                              Peripheral/video.o (__divsf3)
C:/avr8-gnu-toolchain/bin/../lib/gcc/avr/15.1.0/../../../../avr/lib/avr51\libm.a(divsf3x.o)
                              C:/avr8-gnu-toolchain/bin/../lib/gcc/avr/15.1.0/../../../../avr/lib/avr51\libm.a(divsf3.o) (__divsf3x)
C:/avr8-gnu-toolchain/bin/../lib/gcc/avr/15.1.0/../../../../avr/lib/avr51\libm.a(fixsfsi.o)
                              Peripheral/video.o (__fixsfsi)
C:/avr8-gnu-toolchain/bin/../lib/gcc/avr/15.1.0/../../../../avr/lib/avr51\libm.a(fixunssfsi.o)
                              Peripheral/uart.o (__fixunssfsi)
C:/avr8-gnu-toolchain/bin/../lib/gcc/avr/15.1.0/../../../../avr/lib/avr51\libm.a(floatdisf.o)
                              trace_manager.o (__floatdisf)
C:/avr8-gnu-toolchain/bin/../lib/gcc/avr/15.1.0/../../../../avr/lib/avr51\libm.a(floatsisf.o)
                              Peripheral/uart.o (__floatunsisf)
C:/avr8-gnu-toolchain/bin/../lib/gcc/avr/15.1.0/../../../../avr/lib/avr51\libm.a(floatundisf.o)
                              trace_manager.o (__floatundisf)
C:/avr8-gnu-toolchain/bin/../lib/gcc/avr/15.1.0/../../../../avr/lib/avr51\libm.a(fp_cmp.o)
                              C:/avr8-gnu-toolchain/bin/../lib/gcc/avr/15.1.0/../../../../avr/lib/avr51\libm.a(cmpsf2.o) (__fp_cmp)
C:/avr8-gnu-toolchain/bin/../lib/gcc/avr/15.1.0/../../../../avr/lib/avr51\libm.a(fp_inf.o)
                              C:/avr8-gnu-toolchain/bin/../lib/gcc/avr/15.1.0/../../../../avr/lib/avr51\libm.a(addsf3x.o) (__fp_inf)
C:/avr8-gnu-toolchain/bin/../lib/gcc/avr/15.1.0/../../../../avr/lib/avr51\libm.a(fp_nan.o)
                              C:/avr8-gnu-toolchain/bin/../lib/gcc/avr/15.1.0/../../../../avr/lib/avr51\libm.a(addsf3x.o) (__fp_nan)
C:/avr8-gnu-toolchain/bin/../lib/gcc/avr/15.1.0/../../../../avr/lib/avr51\libm.a(fp_negdi.o)
                              C:/avr8-gnu-toolchain/bin/../lib/gcc/avr/15.1.0/../../../../avr/lib/avr51\libm.a(floatdisf.o) (__fp_negdi)
C:/avr8-gnu-toolchain/bin/../lib/gcc/avr/15.1.0/../../../../avr/lib/avr51\libm.a(fp_pscA.o)
                              C:/avr8-gnu-toolchain/bin/../lib/gcc/avr/15.1.0/../../../../avr/lib/avr51\libm.a(addsf3x.o) (__fp_pscA)
C:/avr8-gnu-toolchain/bin/../lib/gcc/avr/15.1.0/../../../../avr/lib/avr51\libm.a(fp_pscB.o)
                              C:/avr8-gnu-toolchain/bin/../lib/gcc/avr/15.1.0/../../../../avr/lib/avr51\libm.a(addsf3x.o) (__fp_pscB)
C:/avr8-gnu-toolchain/bin/../lib/gcc/avr/15.1.0/../../../../avr/lib/avr51\libm.a(fp_round.o)
                              C:/avr8-gnu-toolchain/bin/../lib/gcc/avr/15.1.0/../../../../avr/lib/avr51\libm.a(addsf3.o) (__fp_round)
C:/avr8-gnu-toolchain/bin/../lib/gcc/avr/15.1.0/../../../../avr/lib/avr51\libm.a(fp_split3.o)
                              C:/avr8-gnu-toolchain/bin/../lib/gcc/avr/15.1.0/../../../../avr/lib/avr51\libm.a(addsf3x.o) (__fp_split3)
C:/avr8-gnu-toolchain/bin/../lib/gcc/avr/15.1.0/../../../../avr/lib/avr51\libm.a(fp_zero.o)
                              C:/avr8-gnu-toolchain/bin/../lib/gcc/avr/15.1.0/../../../../avr/lib/avr51\libm.a(addsf3x.o) (__fp_zero)
C:/avr8-gnu-toolchain/bin/../lib/gcc/avr/15.1.0/../../../../avr/lib/avr51\libm.a(gesf2.o)
                              autoset_manager.o (__gesf2)
C:/avr8-gnu-toolchain/bin/../lib/gcc/avr/15.1.0/../../../../avr/lib/avr51\libm.a(mulsf3.o)
                              Peripheral/uart.o (__mulsf3)
C:/avr8-gnu-toolchain/bin/../lib/gcc/avr/15.1.0/../../../../avr/lib/avr51\libm.a(mulsf3x.o)
                              C:/avr8-gnu-toolchain/bin/../lib/gcc/avr/15.1.0/../../../../avr/lib/avr51\libm.a(mulsf3.o) (__mulsf3x)
C:/avr8-gnu-toolchain/bin/../lib/gcc/avr/15.1.0/../../../../avr/lib/avr51\libm.a(sqrt.o)
                              trace_manager.o (sqrtf)
C:/avr8-gnu-toolchain/bin/../lib/gcc/avr/15.1.0/../../../../avr/lib/avr51\libm.a(fp_mpack.o)
                              C:/avr8-gnu-toolchain/bin/../lib/gcc/avr/15.1.0/../../../../avr/lib/avr51\libm.a(sqrt.o) (__fp_mpack)
C:/avr8-gnu-toolchain/bin/../lib/gcc/avr/15.1.0/../../../../avr/lib/avr51\libm.a(fp_norm2.o)
                              C:/avr8-gnu-toolchain/bin/../lib/gcc/avr/15.1.0/../../../../avr/lib/avr51\libm.a(sqrt.o) (__fp_norm2)
C:/avr8-gnu-toolchain/bin/../lib/gcc/avr/15.1.0/../../../../avr/lib/avr51\libc.a(dtostrf.o)
                              cursor_manager.o (dtostrf)
C:/avr8-gnu-toolchain/bin/../lib/gcc/avr/15.1.0/../../../../avr/lib/avr51\libc.a(utoa_ncheck.o)
                              display_manager.o (__utoa_ncheck)
C:/avr8-gnu-toolchain/bin/../lib/gcc/avr/15.1.0/../../../../avr/lib/avr51\libc.a(dtoa_prf.o)
                              C:/avr8-gnu-toolchain/bin/../lib/gcc/avr/15.1.0/../../../../avr/lib/avr51\libc.a(dtostrf.o) (ftoa_prf)
C:/avr8-gnu-toolchain/bin/../lib/gcc/avr/15.1.0/../../../../avr/lib/avr51\libc.a(ftoa_engine.o)
                              C:/avr8-gnu-toolchain/bin/../lib/gcc/avr/15.1.0/../../../../avr/lib/avr51\libc.a(dtoa_prf.o) (__ftoa_engine)
C:/avr8-gnu-toolchain/bin/../lib/gcc/avr/15.1.0/../../../../avr/lib/avr51\libc.a(strrev.o)
                              C:/avr8-gnu-toolchain/bin/../lib/gcc/avr/15.1.0/../../../../avr/lib/avr51\libc.a(utoa_ncheck.o) (strrev)

There are no discarded input sections

Memory Configuration

Name             Origin             Length             Attributes
text             0x00000000         0x00008000         xr
data             0x00800100         0x00004000         rw!x
eeprom           0x00810000         0x00001000         rw!x
fuse             0x00820000         0x00000400         rw!x
lock             0x00830000         0x00000400         rw!x
signature        0x00840000         0x00000400         rw!x
*default*        0x00000000         0xffffffff

Linker script and memory map

Address of section .data set to 0x800100
LOAD C:/avr8-gnu-toolchain/bin/../lib/gcc/avr/15.1.0/../../../../avr/lib/avr51/crtatmega128.o
                0x008040ff                        __stack = 0x8040ff
LOAD C:/avr8-gnu-toolchain/bin/../lib/gcc/avr/15.1.0/../../../../avr/lib/avr51\libm.a
LOAD main.o
LOAD Peripheral/uart.o
LOAD Peripheral/leds.o
LOAD Peripheral/input.o
LOAD Peripheral/video.o
LOAD display_manager.o
LOAD fpga_manager.o
LOAD autoset_manager.o
LOAD encoder_manager.o
LOAD trace_manager.o
LOAD trigger_manager.o
LOAD cursor_manager.o
LOAD scope.o
START GROUP
LOAD C:/avr8-gnu-toolchain/bin/../lib/gcc/avr/15.1.0/avr51\libgcc.a
LOAD C:/avr8-gnu-toolchain/bin/../lib/gcc/avr/15.1.0/../../../../avr/lib/avr51\libm.a
LOAD C:/avr8-gnu-toolchain/bin/../lib/gcc/avr/15.1.0/../../../../avr/lib/avr51\libc.a
LOAD C:/avr8-gnu-toolchain/bin/../lib/gcc/avr/15.1.0/../../../../avr/lib/avr51\libatmega128.a
END GROUP
                [0x00000000]                      __TEXT_REGION_ORIGIN__ = DEFINED (__TEXT_REGION_ORIGIN__)?__TEXT_REGION_ORIGIN__:0x0
                0x00008000                        __TEXT_REGION_LENGTH__ = 0x8000
                [0x00800100]                      __DATA_REGION_ORIGIN__ = DEFINED (__DATA_REGION_ORIGIN__)?__DATA_REGION_ORIGIN__:0x800100
                0x00004000                        __DATA_REGION_LENGTH__ = 0x4000
                0x00001000                        __EEPROM_REGION_LENGTH__ = 0x1000
                0x008040ff                        __stack = 0x8040ff

.text           0x00000000     0x708a
 *(.vectors)
 .vectors       0x00000000       0x8c C:/avr8-gnu-toolchain/bin/../lib/gcc/avr/15.1.0/../../../../avr/lib/avr51/crtatmega128.o
                0x00000000                __vector_default
                0x00000000                __vectors
 *(.vectors)
 *(.progmem.gcc*)
 *(.progmem*)
 .progmem.data  0x0000008c      0xc5b Peripheral/video.o
                0x0000008c                chrtbl_f16
                0x0000014c                chr_f16_7F
                0x0000015c                chr_f16_7E
                0x0000016c                chr_f16_7D
                0x0000017c                chr_f16_7C
                0x0000018c                chr_f16_7B
                0x0000019c                chr_f16_7A
                0x000001ac                chr_f16_79
                0x000001bc                chr_f16_78
                0x000001cc                chr_f16_77
                0x000001dc                chr_f16_76
                0x000001ec                chr_f16_75
                0x000001fc                chr_f16_74
                0x0000020c                chr_f16_73
                0x0000021c                chr_f16_72
                0x0000022c                chr_f16_71
                0x0000023c                chr_f16_70
                0x0000024c                chr_f16_6F
                0x0000025c                chr_f16_6E
                0x0000026c                chr_f16_6D
                0x0000027c                chr_f16_6C
                0x0000028c                chr_f16_6B
                0x0000029c                chr_f16_6A
                0x000002ac                chr_f16_69
                0x000002bc                chr_f16_68
                0x000002cc                chr_f16_67
                0x000002dc                chr_f16_66
                0x000002ec                chr_f16_65
                0x000002fc                chr_f16_64
                0x0000030c                chr_f16_63
                0x0000031c                chr_f16_62
                0x0000032c                chr_f16_61
                0x0000033c                chr_f16_60
                0x0000034c                chr_f16_5F
                0x0000036c                chr_f16_5E
                0x0000038c                chr_f16_5D
                0x0000039c                chr_f16_5C
                0x000003ac                chr_f16_5B
                0x000003bc                chr_f16_5A
                0x000003cc                chr_f16_59
                0x000003dc                chr_f16_58
                0x000003ec                chr_f16_57
                0x0000040c                chr_f16_56
                0x0000041c                chr_f16_55
                0x0000042c                chr_f16_54
                0x0000043c                chr_f16_53
                0x0000044c                chr_f16_52
                0x0000045c                chr_f16_51
                0x0000046c                chr_f16_50
                0x0000047c                chr_f16_4F
                0x0000048c                chr_f16_4E
                0x0000049c                chr_f16_4D
                0x000004bc                chr_f16_4C
                0x000004cc                chr_f16_4B
                0x000004dc                chr_f16_4A
                0x000004ec                chr_f16_49
                0x000004fc                chr_f16_48
                0x0000050c                chr_f16_47
                0x0000051c                chr_f16_46
                0x0000052c                chr_f16_45
                0x0000053c                chr_f16_44
                0x0000054c                chr_f16_43
                0x0000055c                chr_f16_42
                0x0000056c                chr_f16_41
                0x0000057c                chr_f16_40
                0x0000058c                chr_f16_3F
                0x0000059c                chr_f16_3E
                0x000005ac                chr_f16_3D
                0x000005bc                chr_f16_3C
                0x000005cc                chr_f16_3B
                0x000005dc                chr_f16_3A
                0x000005ec                chr_f16_39
                0x000005fc                chr_f16_38
                0x0000060c                chr_f16_37
                0x0000061c                chr_f16_36
                0x0000062c                chr_f16_35
                0x0000063c                chr_f16_34
                0x0000064c                chr_f16_33
                0x0000065c                chr_f16_32
                0x0000066c                chr_f16_31
                0x0000067c                chr_f16_30
                0x0000068c                chr_f16_2F
                0x0000069c                chr_f16_2E
                0x000006ac                chr_f16_2D
                0x000006bc                chr_f16_2C
                0x000006cc                chr_f16_2B
                0x000006dc                chr_f16_2A
                0x000006ec                chr_f16_29
                0x000006fc                chr_f16_28
                0x0000070c                chr_f16_27
                0x0000071c                chr_f16_26
                0x0000072c                chr_f16_25
                0x0000073c                chr_f16_24
                0x0000074c                chr_f16_23
                0x0000075c                chr_f16_22
                0x0000076c                chr_f16_21
                0x0000077c                chr_f16_20
                0x0000078c                widtbl_f16
 .progmem.data  0x00000ce7       0x54 scope.o
                0x00000ce7                dds_table
 .progmemx.data.ftoa_engine
                0x00000d3b       0xfa C:/avr8-gnu-toolchain/bin/../lib/gcc/avr/15.1.0/../../../../avr/lib/avr51\libc.a(ftoa_engine.o)
                0x00000e36                        . = ALIGN (0x2)
 *fill*         0x00000e35        0x1 
 *(.trampolines)
 .trampolines   0x00000e36        0x0 linker stubs
 *(.trampolines*)
 *(.init0)
 .init0         0x00000e36        0x0 C:/avr8-gnu-toolchain/bin/../lib/gcc/avr/15.1.0/../../../../avr/lib/avr51/crtatmega128.o
                0x00000e36                __init
 *(.init0)
 *(.init1)
 *(.init1)
 *(.init2)
 .init2         0x00000e36        0xc C:/avr8-gnu-toolchain/bin/../lib/gcc/avr/15.1.0/../../../../avr/lib/avr51/crtatmega128.o
 *(.init2)
 *(.init3)
 *(.init3)
 *(.init4)
 .init4         0x00000e42       0x1a C:/avr8-gnu-toolchain/bin/../lib/gcc/avr/15.1.0/avr51\libgcc.a(_copy_data.o)
                0x00000e42                __do_copy_data
 .init4         0x00000e5c       0x10 C:/avr8-gnu-toolchain/bin/../lib/gcc/avr/15.1.0/avr51\libgcc.a(_clear_bss.o)
                0x00000e5c                __do_clear_bss
 *(.init4)
 *(.init5)
 *(.init5)
 *(.init6)
 *(.init6)
 *(.init7)
 *(.init7)
 *(.init8)
 *(.init8)
 *(.init9)
 .init9         0x00000e6c        0x8 C:/avr8-gnu-toolchain/bin/../lib/gcc/avr/15.1.0/../../../../avr/lib/avr51/crtatmega128.o
 *(.init9)
 *(.text)
 .text          0x00000e74        0x4 C:/avr8-gnu-toolchain/bin/../lib/gcc/avr/15.1.0/../../../../avr/lib/avr51/crtatmega128.o
                0x00000e74                __vector_22
                0x00000e74                __vector_28
                0x00000e74                __vector_1
                0x00000e74                __vector_32
                0x00000e74                __vector_34
                0x00000e74                __vector_24
                0x00000e74                __vector_12
                0x00000e74                __bad_interrupt
                0x00000e74                __vector_6
                0x00000e74                __vector_31
                0x00000e74                __vector_3
                0x00000e74                __vector_23
                0x00000e74                __vector_30
                0x00000e74                __vector_25
                0x00000e74                __vector_11
                0x00000e74                __vector_13
                0x00000e74                __vector_17
                0x00000e74                __vector_19
                0x00000e74                __vector_7
                0x00000e74                __vector_27
                0x00000e74                __vector_5
                0x00000e74                __vector_33
                0x00000e74                __vector_4
                0x00000e74                __vector_9
                0x00000e74                __vector_2
                0x00000e74                __vector_21
                0x00000e74                __vector_15
                0x00000e74                __vector_29
                0x00000e74                __vector_8
                0x00000e74                __vector_26
                0x00000e74                __vector_14
                0x00000e74                __vector_10
                0x00000e74                __vector_16
                0x00000e74                __vector_18
                0x00000e74                __vector_20
 .text          0x00000e78        0x0 main.o
 .text          0x00000e78      0x33c Peripheral/uart.o
                0x00000e78                uart_init
                0x00000eac                uart_tx
                0x00000eb4                uart_print
                0x00000ece                uart_putc
                0x00000ed2                uart_print_hex16
                0x00000f6e                uart_print_int16
                0x00000fe6                uart_print_hex
                0x00001046                uart_print_uint32
                0x000010da                uart_print_float
 .text          0x000011b4       0x54 Peripheral/leds.o
                0x000011b4                LED_Init
                0x000011c2                LED_SetCH
                0x000011e6                LED_SetRunStop
 .text          0x00001208       0xae Peripheral/input.o
                0x00001208                keypad_init
                0x0000120c                keypad_poll
                0x00001228                configure_encoder
                0x0000123a                read_encoder
                0x00001248                update_all_encoders
                0x00001260                setup_encoder
 .text          0x000012b6     0x141c Peripheral/video.o
                0x000012b6                swap_int16
                0x000012d0                video_config
                0x000012e2                vga_set_cursor
                0x000012f4                vga_setTextFont
                0x00001300                vga_setTextSize
                0x00001314                vga_setTextColor
                0x00001326                vga_pixel_fast
                0x00001352                test_fill
                0x0000138e                vga_clear_screen
                0x000013d6                vga_fillRect
                0x0000143a                vga_drawCharGL
                0x00001590                vga_fillRect_fast
                0x00001620                vga_drawChar
                0x0000192a                vga_printAt
                0x000019aa                vga_drawFastHLine
                0x000019f8                vga_drawFastVLine
                0x00001a42                vga_drawRect
                0x00001acc                vga_fillCircle
                0x00001c00                vga_drawLine
                0x00001dd8                vga_printCenteredX
                0x00001eba                vga_FillTriangle
                0x00002156                vga_write
                0x0000222c                vga_Print
                0x00002246                vga_Print_int16
                0x000022ec                vga_print_int
                0x000023bc                vga_print_float
                0x000024a2                vga_drawLine_Clipped
 .text          0x000026d2      0xce2 display_manager.o
                0x000026d2                append_str
                0x000026e8                get_system_status_code
                0x00002714                drawTextButton
                0x000027ce                draw_channel_status
                0x00002974                update_status_bar
                0x00002df6                drawMenuButton
                0x00002eac                updateSidebarLabels
                0x0000333e                drawStaticInterface
 .text          0x000033b4      0x448 fpga_manager.o
                0x000033b4                osc_arm_readout
                0x000033b8                read_fpga_frequency
                0x00003574                set_dds_frequency
                0x000035a6                set_trigger_level
                0x000035b0                set_trigger_mode
                0x000035da                aggiorna_t_div
                0x00003606                aggiorna_parametri_hw
                0x00003680                aggiorna_registri_dds
                0x00003696                osc_write_view_offset
                0x000036a6                set_base_time
                0x000036d4                osc_read_triggered
                0x0000373c                draw_ground_marker
 .text          0x000037fc      0x68e autoset_manager.o
                0x000037fc                init_timer_polling
                0x0000380c                cerca_indice_timebase
                0x0000387a                cerca_indice_vdiv
                0x000038dc                get_vpp_raw_points
                0x00003926                configura_verticale_smart
                0x000039fc                draw_autoset_message
                0x00003a78                check_presence
                0x00003b3a                attesa_campionamento_ms
                0x00003ba6                routine_autoset_dual
 .text          0x00003e8a       0xf0 encoder_manager.o
                0x00003e8a                write_encoder
                0x00003f16                conf_encoder
                0x00003f52                set_trig_enc_default
 .text          0x00003f7a      0xc82 trace_manager.o
                0x00003f7a                calcola_XY_coordinata
                0x00004046                calcolaYTraccia
                0x000040f0                draw_dual_trace_from_bram
                0x000046c2                draw_xy_trace
                0x000047fc                draw_trigger_line
                0x00004966                tft_drawGrid
                0x00004a38                tft_drawGrid_XY
                0x00004b16                drawPanTrack
 .text          0x00004bfc      0x11c trigger_manager.o
                0x00004bfc                calcola_step_trigger
                0x00004d12                scope_set_hysteresis
 .text          0x00004d18      0x85a cursor_manager.o
                0x00004d18                format_val_unit
                0x00004f3e                calcola_e_stampa_dati_cursori
                0x00005326                disegna_linea_cursore_v
                0x00005378                disegna_linea_cursore_h
                0x000053ca                aggiorna_grafica_cursori
 .text          0x00005572      0xdb2 scope.o
                0x00005572                acquire_and_draw
                0x00005628                cycleCoupling
                0x00005668                toggleBWLimit
                0x0000569a                aggiornaMoltiplicatoreSonda
                0x000056be                cycleProbe
                0x0000570e                toggleFineCoarse
                0x000058fc                toggleInvert
                0x0000592c                handle_channel_button
                0x000059c0                init_channels
                0x00005a6c                updateChannelVoltDiv
                0x00005b70                set_display_mode
                0x00005baa                vga_test_bars
                0x00005c2e                vga_test_brightness
                0x00005cde                scope_main
 .text          0x00006324        0x0 C:/avr8-gnu-toolchain/bin/../lib/gcc/avr/15.1.0/avr51\libgcc.a(_udivmodhi4.o)
 .text          0x00006324        0x0 C:/avr8-gnu-toolchain/bin/../lib/gcc/avr/15.1.0/avr51\libgcc.a(_divmodhi4.o)
 .text          0x00006324        0x0 C:/avr8-gnu-toolchain/bin/../lib/gcc/avr/15.1.0/avr51\libgcc.a(_udivmodsi4.o)
 .text          0x00006324        0x0 C:/avr8-gnu-toolchain/bin/../lib/gcc/avr/15.1.0/avr51\libgcc.a(_divmodsi4.o)
 .text          0x00006324        0x0 C:/avr8-gnu-toolchain/bin/../lib/gcc/avr/15.1.0/avr51\libgcc.a(_negsi2.o)
 .text          0x00006324        0x0 C:/avr8-gnu-toolchain/bin/../lib/gcc/avr/15.1.0/avr51\libgcc.a(_exit.o)
 .text          0x00006324        0x0 C:/avr8-gnu-toolchain/bin/../lib/gcc/avr/15.1.0/avr51\libgcc.a(_tablejump2.o)
 .text          0x00006324        0x0 C:/avr8-gnu-toolchain/bin/../lib/gcc/avr/15.1.0/avr51\libgcc.a(_copy_data.o)
 .text          0x00006324        0x0 C:/avr8-gnu-toolchain/bin/../lib/gcc/avr/15.1.0/avr51\libgcc.a(_clear_bss.o)
 .text          0x00006324        0x0 C:/avr8-gnu-toolchain/bin/../lib/gcc/avr/15.1.0/avr51\libgcc.a(_muluhisi3.o)
 .text          0x00006324        0x0 C:/avr8-gnu-toolchain/bin/../lib/gcc/avr/15.1.0/avr51\libgcc.a(_mulsidi3.o)
 .text          0x00006324        0x0 C:/avr8-gnu-toolchain/bin/../lib/gcc/avr/15.1.0/avr51\libgcc.a(_umulsidi3.o)
 .text          0x00006324        0x0 C:/avr8-gnu-toolchain/bin/../lib/gcc/avr/15.1.0/avr51\libgcc.a(_adddi3.o)
 .text          0x00006324        0x0 C:/avr8-gnu-toolchain/bin/../lib/gcc/avr/15.1.0/avr51\libgcc.a(_umulhisi3.o)
 .text          0x00006324        0x0 C:/avr8-gnu-toolchain/bin/../lib/gcc/avr/15.1.0/avr51\libgcc.a(_muldi3_6.o)
 .text          0x00006324        0x0 C:/avr8-gnu-toolchain/bin/../lib/gcc/avr/15.1.0/../../../../avr/lib/avr51\libm.a(addsf3.o)
 .text          0x00006324        0x0 C:/avr8-gnu-toolchain/bin/../lib/gcc/avr/15.1.0/../../../../avr/lib/avr51\libm.a(addsf3x.o)
 .text          0x00006324        0x0 C:/avr8-gnu-toolchain/bin/../lib/gcc/avr/15.1.0/../../../../avr/lib/avr51\libm.a(cmpsf2.o)
 .text          0x00006324        0x0 C:/avr8-gnu-toolchain/bin/../lib/gcc/avr/15.1.0/../../../../avr/lib/avr51\libm.a(divsf3.o)
 .text          0x00006324        0x0 C:/avr8-gnu-toolchain/bin/../lib/gcc/avr/15.1.0/../../../../avr/lib/avr51\libm.a(divsf3x.o)
 .text          0x00006324        0x0 C:/avr8-gnu-toolchain/bin/../lib/gcc/avr/15.1.0/../../../../avr/lib/avr51\libm.a(fixsfsi.o)
 .text          0x00006324        0x0 C:/avr8-gnu-toolchain/bin/../lib/gcc/avr/15.1.0/../../../../avr/lib/avr51\libm.a(fixunssfsi.o)
 .text          0x00006324        0x0 C:/avr8-gnu-toolchain/bin/../lib/gcc/avr/15.1.0/../../../../avr/lib/avr51\libm.a(floatdisf.o)
 .text          0x00006324        0x0 C:/avr8-gnu-toolchain/bin/../lib/gcc/avr/15.1.0/../../../../avr/lib/avr51\libm.a(floatsisf.o)
 .text          0x00006324        0x0 C:/avr8-gnu-toolchain/bin/../lib/gcc/avr/15.1.0/../../../../avr/lib/avr51\libm.a(floatundisf.o)
 .text          0x00006324        0x0 C:/avr8-gnu-toolchain/bin/../lib/gcc/avr/15.1.0/../../../../avr/lib/avr51\libm.a(fp_cmp.o)
 .text          0x00006324        0x0 C:/avr8-gnu-toolchain/bin/../lib/gcc/avr/15.1.0/../../../../avr/lib/avr51\libm.a(fp_inf.o)
 .text          0x00006324        0x0 C:/avr8-gnu-toolchain/bin/../lib/gcc/avr/15.1.0/../../../../avr/lib/avr51\libm.a(fp_nan.o)
 .text          0x00006324        0x0 C:/avr8-gnu-toolchain/bin/../lib/gcc/avr/15.1.0/../../../../avr/lib/avr51\libm.a(fp_negdi.o)
 .text          0x00006324        0x0 C:/avr8-gnu-toolchain/bin/../lib/gcc/avr/15.1.0/../../../../avr/lib/avr51\libm.a(fp_pscA.o)
 .text          0x00006324        0x0 C:/avr8-gnu-toolchain/bin/../lib/gcc/avr/15.1.0/../../../../avr/lib/avr51\libm.a(fp_pscB.o)
 .text          0x00006324        0x0 C:/avr8-gnu-toolchain/bin/../lib/gcc/avr/15.1.0/../../../../avr/lib/avr51\libm.a(fp_round.o)
 .text          0x00006324        0x0 C:/avr8-gnu-toolchain/bin/../lib/gcc/avr/15.1.0/../../../../avr/lib/avr51\libm.a(fp_split3.o)
 .text          0x00006324        0x0 C:/avr8-gnu-toolchain/bin/../lib/gcc/avr/15.1.0/../../../../avr/lib/avr51\libm.a(fp_zero.o)
 .text          0x00006324        0x0 C:/avr8-gnu-toolchain/bin/../lib/gcc/avr/15.1.0/../../../../avr/lib/avr51\libm.a(gesf2.o)
 .text          0x00006324        0x0 C:/avr8-gnu-toolchain/bin/../lib/gcc/avr/15.1.0/../../../../avr/lib/avr51\libm.a(mulsf3.o)
 .text          0x00006324        0x0 C:/avr8-gnu-toolchain/bin/../lib/gcc/avr/15.1.0/../../../../avr/lib/avr51\libm.a(mulsf3x.o)
 .text          0x00006324        0x0 C:/avr8-gnu-toolchain/bin/../lib/gcc/avr/15.1.0/../../../../avr/lib/avr51\libm.a(sqrt.o)
 .text          0x00006324        0x0 C:/avr8-gnu-toolchain/bin/../lib/gcc/avr/15.1.0/../../../../avr/lib/avr51\libm.a(fp_mpack.o)
 .text          0x00006324        0x0 C:/avr8-gnu-toolchain/bin/../lib/gcc/avr/15.1.0/../../../../avr/lib/avr51\libm.a(fp_norm2.o)
 .text          0x00006324        0x0 C:/avr8-gnu-toolchain/bin/../lib/gcc/avr/15.1.0/../../../../avr/lib/avr51\libc.a(dtostrf.o)
 .text          0x00006324        0x0 C:/avr8-gnu-toolchain/bin/../lib/gcc/avr/15.1.0/../../../../avr/lib/avr51\libc.a(utoa_ncheck.o)
 .text          0x00006324        0x0 C:/avr8-gnu-toolchain/bin/../lib/gcc/avr/15.1.0/../../../../avr/lib/avr51\libc.a(dtoa_prf.o)
 .text          0x00006324        0x0 C:/avr8-gnu-toolchain/bin/../lib/gcc/avr/15.1.0/../../../../avr/lib/avr51\libc.a(ftoa_engine.o)
 .text          0x00006324        0x0 C:/avr8-gnu-toolchain/bin/../lib/gcc/avr/15.1.0/../../../../avr/lib/avr51\libc.a(strrev.o)
                0x00006324                        . = ALIGN (0x2)
 *(.text.*)
 .text.startup  0x00006324       0x7a main.o
                0x00006324                main
 .text.libgcc.mul
                0x0000639e        0x0 C:/avr8-gnu-toolchain/bin/../lib/gcc/avr/15.1.0/avr51\libgcc.a(_udivmodhi4.o)
 .text.libgcc.div
                0x0000639e       0x28 C:/avr8-gnu-toolchain/bin/../lib/gcc/avr/15.1.0/avr51\libgcc.a(_udivmodhi4.o)
                0x0000639e                __udivmodhi4
 .text.libgcc   0x000063c6        0x0 C:/avr8-gnu-toolchain/bin/../lib/gcc/avr/15.1.0/avr51\libgcc.a(_udivmodhi4.o)
 .text.libgcc.prologue
                0x000063c6        0x0 C:/avr8-gnu-toolchain/bin/../lib/gcc/avr/15.1.0/avr51\libgcc.a(_udivmodhi4.o)
 .text.libgcc.builtins
                0x000063c6        0x0 C:/avr8-gnu-toolchain/bin/../lib/gcc/avr/15.1.0/avr51\libgcc.a(_udivmodhi4.o)
 .text.libgcc.fmul
                0x000063c6        0x0 C:/avr8-gnu-toolchain/bin/../lib/gcc/avr/15.1.0/avr51\libgcc.a(_udivmodhi4.o)
 .text.libgcc.fixed
                0x000063c6        0x0 C:/avr8-gnu-toolchain/bin/../lib/gcc/avr/15.1.0/avr51\libgcc.a(_udivmodhi4.o)
 .text.libgcc.mul
                0x000063c6        0x0 C:/avr8-gnu-toolchain/bin/../lib/gcc/avr/15.1.0/avr51\libgcc.a(_divmodhi4.o)
 .text.libgcc.div
                0x000063c6       0x28 C:/avr8-gnu-toolchain/bin/../lib/gcc/avr/15.1.0/avr51\libgcc.a(_divmodhi4.o)
                0x000063c6                _div
                0x000063c6                __divmodhi4
 .text.libgcc   0x000063ee        0x0 C:/avr8-gnu-toolchain/bin/../lib/gcc/avr/15.1.0/avr51\libgcc.a(_divmodhi4.o)
 .text.libgcc.prologue
                0x000063ee        0x0 C:/avr8-gnu-toolchain/bin/../lib/gcc/avr/15.1.0/avr51\libgcc.a(_divmodhi4.o)
 .text.libgcc.builtins
                0x000063ee        0x0 C:/avr8-gnu-toolchain/bin/../lib/gcc/avr/15.1.0/avr51\libgcc.a(_divmodhi4.o)
 .text.libgcc.fmul
                0x000063ee        0x0 C:/avr8-gnu-toolchain/bin/../lib/gcc/avr/15.1.0/avr51\libgcc.a(_divmodhi4.o)
 .text.libgcc.fixed
                0x000063ee        0x0 C:/avr8-gnu-toolchain/bin/../lib/gcc/avr/15.1.0/avr51\libgcc.a(_divmodhi4.o)
 .text.libgcc.mul
                0x000063ee        0x0 C:/avr8-gnu-toolchain/bin/../lib/gcc/avr/15.1.0/avr51\libgcc.a(_udivmodsi4.o)
 .text.libgcc.div
                0x000063ee       0x44 C:/avr8-gnu-toolchain/bin/../lib/gcc/avr/15.1.0/avr51\libgcc.a(_udivmodsi4.o)
                0x000063ee                __udivmodsi4
 .text.libgcc   0x00006432        0x0 C:/avr8-gnu-toolchain/bin/../lib/gcc/avr/15.1.0/avr51\libgcc.a(_udivmodsi4.o)
 .text.libgcc.prologue
                0x00006432        0x0 C:/avr8-gnu-toolchain/bin/../lib/gcc/avr/15.1.0/avr51\libgcc.a(_udivmodsi4.o)
 .text.libgcc.builtins
                0x00006432        0x0 C:/avr8-gnu-toolchain/bin/../lib/gcc/avr/15.1.0/avr51\libgcc.a(_udivmodsi4.o)
 .text.libgcc.fmul
                0x00006432        0x0 C:/avr8-gnu-toolchain/bin/../lib/gcc/avr/15.1.0/avr51\libgcc.a(_udivmodsi4.o)
 .text.libgcc.fixed
                0x00006432        0x0 C:/avr8-gnu-toolchain/bin/../lib/gcc/avr/15.1.0/avr51\libgcc.a(_udivmodsi4.o)
 .text.libgcc.mul
                0x00006432        0x0 C:/avr8-gnu-toolchain/bin/../lib/gcc/avr/15.1.0/avr51\libgcc.a(_divmodsi4.o)
 .text.libgcc.div
                0x00006432       0x2e C:/avr8-gnu-toolchain/bin/../lib/gcc/avr/15.1.0/avr51\libgcc.a(_divmodsi4.o)
                0x00006432                __divmodsi4
 .text.libgcc   0x00006460        0x0 C:/avr8-gnu-toolchain/bin/../lib/gcc/avr/15.1.0/avr51\libgcc.a(_divmodsi4.o)
 .text.libgcc.prologue
                0x00006460        0x0 C:/avr8-gnu-toolchain/bin/../lib/gcc/avr/15.1.0/avr51\libgcc.a(_divmodsi4.o)
 .text.libgcc.builtins
                0x00006460        0x0 C:/avr8-gnu-toolchain/bin/../lib/gcc/avr/15.1.0/avr51\libgcc.a(_divmodsi4.o)
 .text.libgcc.fmul
                0x00006460        0x0 C:/avr8-gnu-toolchain/bin/../lib/gcc/avr/15.1.0/avr51\libgcc.a(_divmodsi4.o)
 .text.libgcc.fixed
                0x00006460        0x0 C:/avr8-gnu-toolchain/bin/../lib/gcc/avr/15.1.0/avr51\libgcc.a(_divmodsi4.o)
 .text.libgcc.mul
                0x00006460        0x0 C:/avr8-gnu-toolchain/bin/../lib/gcc/avr/15.1.0/avr51\libgcc.a(_negsi2.o)
 .text.libgcc.div
                0x00006460       0x10 C:/avr8-gnu-toolchain/bin/../lib/gcc/avr/15.1.0/avr51\libgcc.a(_negsi2.o)
                0x00006460                __negsi2
 .text.libgcc   0x00006470        0x0 C:/avr8-gnu-toolchain/bin/../lib/gcc/avr/15.1.0/avr51\libgcc.a(_negsi2.o)
 .text.libgcc.prologue
                0x00006470        0x0 C:/avr8-gnu-toolchain/bin/../lib/gcc/avr/15.1.0/avr51\libgcc.a(_negsi2.o)
 .text.libgcc.builtins
                0x00006470        0x0 C:/avr8-gnu-toolchain/bin/../lib/gcc/avr/15.1.0/avr51\libgcc.a(_negsi2.o)
 .text.libgcc.fmul
                0x00006470        0x0 C:/avr8-gnu-toolchain/bin/../lib/gcc/avr/15.1.0/avr51\libgcc.a(_negsi2.o)
 .text.libgcc.fixed
                0x00006470        0x0 C:/avr8-gnu-toolchain/bin/../lib/gcc/avr/15.1.0/avr51\libgcc.a(_negsi2.o)
 .text.libgcc.mul
                0x00006470        0x0 C:/avr8-gnu-toolchain/bin/../lib/gcc/avr/15.1.0/avr51\libgcc.a(_exit.o)
 .text.libgcc.div
                0x00006470        0x0 C:/avr8-gnu-toolchain/bin/../lib/gcc/avr/15.1.0/avr51\libgcc.a(_exit.o)
 .text.libgcc   0x00006470        0x0 C:/avr8-gnu-toolchain/bin/../lib/gcc/avr/15.1.0/avr51\libgcc.a(_exit.o)
 .text.libgcc.prologue
                0x00006470        0x0 C:/avr8-gnu-toolchain/bin/../lib/gcc/avr/15.1.0/avr51\libgcc.a(_exit.o)
 .text.libgcc.builtins
                0x00006470        0x0 C:/avr8-gnu-toolchain/bin/../lib/gcc/avr/15.1.0/avr51\libgcc.a(_exit.o)
 .text.libgcc.fmul
                0x00006470        0x0 C:/avr8-gnu-toolchain/bin/../lib/gcc/avr/15.1.0/avr51\libgcc.a(_exit.o)
 .text.libgcc.fixed
                0x00006470        0x0 C:/avr8-gnu-toolchain/bin/../lib/gcc/avr/15.1.0/avr51\libgcc.a(_exit.o)
 .text.libgcc.mul
                0x00006470        0x0 C:/avr8-gnu-toolchain/bin/../lib/gcc/avr/15.1.0/avr51\libgcc.a(_tablejump2.o)
 .text.libgcc.div
                0x00006470        0x0 C:/avr8-gnu-toolchain/bin/../lib/gcc/avr/15.1.0/avr51\libgcc.a(_tablejump2.o)
 .text.libgcc   0x00006470       0x12 C:/avr8-gnu-toolchain/bin/../lib/gcc/avr/15.1.0/avr51\libgcc.a(_tablejump2.o)
                0x00006470                __tablejump2__
 .text.libgcc.prologue
                0x00006482        0x0 C:/avr8-gnu-toolchain/bin/../lib/gcc/avr/15.1.0/avr51\libgcc.a(_tablejump2.o)
 .text.libgcc.builtins
                0x00006482        0x0 C:/avr8-gnu-toolchain/bin/../lib/gcc/avr/15.1.0/avr51\libgcc.a(_tablejump2.o)
 .text.libgcc.fmul
                0x00006482        0x0 C:/avr8-gnu-toolchain/bin/../lib/gcc/avr/15.1.0/avr51\libgcc.a(_tablejump2.o)
 .text.libgcc.fixed
                0x00006482        0x0 C:/avr8-gnu-toolchain/bin/../lib/gcc/avr/15.1.0/avr51\libgcc.a(_tablejump2.o)
 .text.libgcc.mul
                0x00006482        0x0 C:/avr8-gnu-toolchain/bin/../lib/gcc/avr/15.1.0/avr51\libgcc.a(_copy_data.o)
 .text.libgcc.div
                0x00006482        0x0 C:/avr8-gnu-toolchain/bin/../lib/gcc/avr/15.1.0/avr51\libgcc.a(_copy_data.o)
 .text.libgcc   0x00006482        0x0 C:/avr8-gnu-toolchain/bin/../lib/gcc/avr/15.1.0/avr51\libgcc.a(_copy_data.o)
 .text.libgcc.prologue
                0x00006482        0x0 C:/avr8-gnu-toolchain/bin/../lib/gcc/avr/15.1.0/avr51\libgcc.a(_copy_data.o)
 .text.libgcc.builtins
                0x00006482        0x0 C:/avr8-gnu-toolchain/bin/../lib/gcc/avr/15.1.0/avr51\libgcc.a(_copy_data.o)
 .text.libgcc.fmul
                0x00006482        0x0 C:/avr8-gnu-toolchain/bin/../lib/gcc/avr/15.1.0/avr51\libgcc.a(_copy_data.o)
 .text.libgcc.fixed
                0x00006482        0x0 C:/avr8-gnu-toolchain/bin/../lib/gcc/avr/15.1.0/avr51\libgcc.a(_copy_data.o)
 .text.libgcc.mul
                0x00006482        0x0 C:/avr8-gnu-toolchain/bin/../lib/gcc/avr/15.1.0/avr51\libgcc.a(_clear_bss.o)
 .text.libgcc.div
                0x00006482        0x0 C:/avr8-gnu-toolchain/bin/../lib/gcc/avr/15.1.0/avr51\libgcc.a(_clear_bss.o)
 .text.libgcc   0x00006482        0x0 C:/avr8-gnu-toolchain/bin/../lib/gcc/avr/15.1.0/avr51\libgcc.a(_clear_bss.o)
 .text.libgcc.prologue
                0x00006482        0x0 C:/avr8-gnu-toolchain/bin/../lib/gcc/avr/15.1.0/avr51\libgcc.a(_clear_bss.o)
 .text.libgcc.builtins
                0x00006482        0x0 C:/avr8-gnu-toolchain/bin/../lib/gcc/avr/15.1.0/avr51\libgcc.a(_clear_bss.o)
 .text.libgcc.fmul
                0x00006482        0x0 C:/avr8-gnu-toolchain/bin/../lib/gcc/avr/15.1.0/avr51\libgcc.a(_clear_bss.o)
 .text.libgcc.fixed
                0x00006482        0x0 C:/avr8-gnu-toolchain/bin/../lib/gcc/avr/15.1.0/avr51\libgcc.a(_clear_bss.o)
 .text.libgcc.mul
                0x00006482       0x16 C:/avr8-gnu-toolchain/bin/../lib/gcc/avr/15.1.0/avr51\libgcc.a(_muluhisi3.o)
                0x00006482                __muluhisi3
 .text.libgcc.div
                0x00006498        0x0 C:/avr8-gnu-toolchain/bin/../lib/gcc/avr/15.1.0/avr51\libgcc.a(_muluhisi3.o)
 .text.libgcc   0x00006498        0x0 C:/avr8-gnu-toolchain/bin/../lib/gcc/avr/15.1.0/avr51\libgcc.a(_muluhisi3.o)
 .text.libgcc.prologue
                0x00006498        0x0 C:/avr8-gnu-toolchain/bin/../lib/gcc/avr/15.1.0/avr51\libgcc.a(_muluhisi3.o)
 .text.libgcc.builtins
                0x00006498        0x0 C:/avr8-gnu-toolchain/bin/../lib/gcc/avr/15.1.0/avr51\libgcc.a(_muluhisi3.o)
 .text.libgcc.fmul
                0x00006498        0x0 C:/avr8-gnu-toolchain/bin/../lib/gcc/avr/15.1.0/avr51\libgcc.a(_muluhisi3.o)
 .text.libgcc.fixed
                0x00006498        0x0 C:/avr8-gnu-toolchain/bin/../lib/gcc/avr/15.1.0/avr51\libgcc.a(_muluhisi3.o)
 .text.libgcc.mul
                0x00006498       0x1e C:/avr8-gnu-toolchain/bin/../lib/gcc/avr/15.1.0/avr51\libgcc.a(_mulsidi3.o)
                0x00006498                __mulsidi3
 .text.libgcc.div
                0x000064b6        0x0 C:/avr8-gnu-toolchain/bin/../lib/gcc/avr/15.1.0/avr51\libgcc.a(_mulsidi3.o)
 .text.libgcc   0x000064b6        0x0 C:/avr8-gnu-toolchain/bin/../lib/gcc/avr/15.1.0/avr51\libgcc.a(_mulsidi3.o)
 .text.libgcc.prologue
                0x000064b6        0x0 C:/avr8-gnu-toolchain/bin/../lib/gcc/avr/15.1.0/avr51\libgcc.a(_mulsidi3.o)
 .text.libgcc.builtins
                0x000064b6        0x0 C:/avr8-gnu-toolchain/bin/../lib/gcc/avr/15.1.0/avr51\libgcc.a(_mulsidi3.o)
 .text.libgcc.fmul
                0x000064b6        0x0 C:/avr8-gnu-toolchain/bin/../lib/gcc/avr/15.1.0/avr51\libgcc.a(_mulsidi3.o)
 .text.libgcc.fixed
                0x000064b6        0x0 C:/avr8-gnu-toolchain/bin/../lib/gcc/avr/15.1.0/avr51\libgcc.a(_mulsidi3.o)
 .text.libgcc.mul
                0x000064b6       0x56 C:/avr8-gnu-toolchain/bin/../lib/gcc/avr/15.1.0/avr51\libgcc.a(_umulsidi3.o)
                0x000064b6                __umulsidi3
                0x000064b8                __umulsidi3_helper
 .text.libgcc.div
                0x0000650c        0x0 C:/avr8-gnu-toolchain/bin/../lib/gcc/avr/15.1.0/avr51\libgcc.a(_umulsidi3.o)
 .text.libgcc   0x0000650c        0x0 C:/avr8-gnu-toolchain/bin/../lib/gcc/avr/15.1.0/avr51\libgcc.a(_umulsidi3.o)
 .text.libgcc.prologue
                0x0000650c        0x0 C:/avr8-gnu-toolchain/bin/../lib/gcc/avr/15.1.0/avr51\libgcc.a(_umulsidi3.o)
 .text.libgcc.builtins
                0x0000650c        0x0 C:/avr8-gnu-toolchain/bin/../lib/gcc/avr/15.1.0/avr51\libgcc.a(_umulsidi3.o)
 .text.libgcc.fmul
                0x0000650c        0x0 C:/avr8-gnu-toolchain/bin/../lib/gcc/avr/15.1.0/avr51\libgcc.a(_umulsidi3.o)
 .text.libgcc.fixed
                0x0000650c        0x0 C:/avr8-gnu-toolchain/bin/../lib/gcc/avr/15.1.0/avr51\libgcc.a(_umulsidi3.o)
 .text.libgcc.mul
                0x0000650c        0x0 C:/avr8-gnu-toolchain/bin/../lib/gcc/avr/15.1.0/avr51\libgcc.a(_adddi3.o)
 .text.libgcc.div
                0x0000650c        0x0 C:/avr8-gnu-toolchain/bin/../lib/gcc/avr/15.1.0/avr51\libgcc.a(_adddi3.o)
 .text.libgcc   0x0000650c       0x12 C:/avr8-gnu-toolchain/bin/../lib/gcc/avr/15.1.0/avr51\libgcc.a(_adddi3.o)
                0x0000650c                __adddi3
 .text.libgcc.prologue
                0x0000651e        0x0 C:/avr8-gnu-toolchain/bin/../lib/gcc/avr/15.1.0/avr51\libgcc.a(_adddi3.o)
 .text.libgcc.builtins
                0x0000651e        0x0 C:/avr8-gnu-toolchain/bin/../lib/gcc/avr/15.1.0/avr51\libgcc.a(_adddi3.o)
 .text.libgcc.fmul
                0x0000651e        0x0 C:/avr8-gnu-toolchain/bin/../lib/gcc/avr/15.1.0/avr51\libgcc.a(_adddi3.o)
 .text.libgcc.fixed
                0x0000651e        0x0 C:/avr8-gnu-toolchain/bin/../lib/gcc/avr/15.1.0/avr51\libgcc.a(_adddi3.o)
 .text.libgcc.mul
                0x0000651e       0x1e C:/avr8-gnu-toolchain/bin/../lib/gcc/avr/15.1.0/avr51\libgcc.a(_umulhisi3.o)
                0x0000651e                __umulhisi3
 .text.libgcc.div
                0x0000653c        0x0 C:/avr8-gnu-toolchain/bin/../lib/gcc/avr/15.1.0/avr51\libgcc.a(_umulhisi3.o)
 .text.libgcc   0x0000653c        0x0 C:/avr8-gnu-toolchain/bin/../lib/gcc/avr/15.1.0/avr51\libgcc.a(_umulhisi3.o)
 .text.libgcc.prologue
                0x0000653c        0x0 C:/avr8-gnu-toolchain/bin/../lib/gcc/avr/15.1.0/avr51\libgcc.a(_umulhisi3.o)
 .text.libgcc.builtins
                0x0000653c        0x0 C:/avr8-gnu-toolchain/bin/../lib/gcc/avr/15.1.0/avr51\libgcc.a(_umulhisi3.o)
 .text.libgcc.fmul
                0x0000653c        0x0 C:/avr8-gnu-toolchain/bin/../lib/gcc/avr/15.1.0/avr51\libgcc.a(_umulhisi3.o)
 .text.libgcc.fixed
                0x0000653c        0x0 C:/avr8-gnu-toolchain/bin/../lib/gcc/avr/15.1.0/avr51\libgcc.a(_umulhisi3.o)
 .text.libgcc.mul
                0x0000653c       0x12 C:/avr8-gnu-toolchain/bin/../lib/gcc/avr/15.1.0/avr51\libgcc.a(_muldi3_6.o)
                0x0000653c                __muldi3_6
 .text.libgcc.div
                0x0000654e        0x0 C:/avr8-gnu-toolchain/bin/../lib/gcc/avr/15.1.0/avr51\libgcc.a(_muldi3_6.o)
 .text.libgcc   0x0000654e        0x0 C:/avr8-gnu-toolchain/bin/../lib/gcc/avr/15.1.0/avr51\libgcc.a(_muldi3_6.o)
 .text.libgcc.prologue
                0x0000654e        0x0 C:/avr8-gnu-toolchain/bin/../lib/gcc/avr/15.1.0/avr51\libgcc.a(_muldi3_6.o)
 .text.libgcc.builtins
                0x0000654e        0x0 C:/avr8-gnu-toolchain/bin/../lib/gcc/avr/15.1.0/avr51\libgcc.a(_muldi3_6.o)
 .text.libgcc.fmul
                0x0000654e        0x0 C:/avr8-gnu-toolchain/bin/../lib/gcc/avr/15.1.0/avr51\libgcc.a(_muldi3_6.o)
 .text.libgcc.fixed
                0x0000654e        0x0 C:/avr8-gnu-toolchain/bin/../lib/gcc/avr/15.1.0/avr51\libgcc.a(_muldi3_6.o)
 .text.avr-libc.fplib
                0x0000654e        0xe C:/avr8-gnu-toolchain/bin/../lib/gcc/avr/15.1.0/../../../../avr/lib/avr51\libm.a(addsf3.o)
                0x0000654e                __subsf3
                0x00006550                __addsf3
 .text.avr-libc.fplib
                0x0000655c       0xcc C:/avr8-gnu-toolchain/bin/../lib/gcc/avr/15.1.0/../../../../avr/lib/avr51\libm.a(addsf3x.o)
                0x0000657e                __addsf3x
 .text.avr-libc.fplib
                0x00006628        0xa C:/avr8-gnu-toolchain/bin/../lib/gcc/avr/15.1.0/../../../../avr/lib/avr51\libm.a(cmpsf2.o)
                0x00006628                __nesf2
                0x00006628                __eqsf2
                0x00006628                __cmpsf2
                0x00006628                __ltsf2
                0x00006628                __lesf2
 .text.avr-libc.fplib
                0x00006632        0x8 C:/avr8-gnu-toolchain/bin/../lib/gcc/avr/15.1.0/../../../../avr/lib/avr51\libm.a(divsf3.o)
                0x00006632                __divsf3
 .text.avr-libc.fplib
                0x0000663a       0xdc C:/avr8-gnu-toolchain/bin/../lib/gcc/avr/15.1.0/../../../../avr/lib/avr51\libm.a(divsf3x.o)
                0x0000665a                __divsf3x
                0x00006660                __divsf3_pse
 .text.avr-libc.fplib
                0x00006716        0xe C:/avr8-gnu-toolchain/bin/../lib/gcc/avr/15.1.0/../../../../avr/lib/avr51\libm.a(fixsfsi.o)
                0x00006716                __fixsfsi
 .text.avr-libc.fplib
                0x00006724       0x5e C:/avr8-gnu-toolchain/bin/../lib/gcc/avr/15.1.0/../../../../avr/lib/avr51\libm.a(fixunssfsi.o)
                0x00006724                __fixunssfsi
 .text.avr-libc.fplib
                0x00006782        0xc C:/avr8-gnu-toolchain/bin/../lib/gcc/avr/15.1.0/../../../../avr/lib/avr51\libm.a(floatdisf.o)
                0x00006782                __floatdisf
 .text.avr-libc.fplib
                0x0000678e       0x7a C:/avr8-gnu-toolchain/bin/../lib/gcc/avr/15.1.0/../../../../avr/lib/avr51\libm.a(floatsisf.o)
                0x0000678e                __floatunsisf
                0x00006792                __floatsisf
 .text.avr-libc.fplib
                0x00006808       0x7c C:/avr8-gnu-toolchain/bin/../lib/gcc/avr/15.1.0/../../../../avr/lib/avr51\libm.a(floatundisf.o)
                0x00006808                __floatundisf
                0x0000680a                __fp_di2sf
 .text.avr-libc.fplib
                0x00006884       0x48 C:/avr8-gnu-toolchain/bin/../lib/gcc/avr/15.1.0/../../../../avr/lib/avr51\libm.a(fp_cmp.o)
                0x00006884                __fp_cmp
 .text.avr-libc.fplib
                0x000068cc        0xc C:/avr8-gnu-toolchain/bin/../lib/gcc/avr/15.1.0/../../../../avr/lib/avr51\libm.a(fp_inf.o)
                0x000068cc                __fp_inf
 .text.avr-libc.fplib
                0x000068d8        0x6 C:/avr8-gnu-toolchain/bin/../lib/gcc/avr/15.1.0/../../../../avr/lib/avr51\libm.a(fp_nan.o)
                0x000068d8                __fp_nan
 .text.avr-libc.fplib
                0x000068de       0x20 C:/avr8-gnu-toolchain/bin/../lib/gcc/avr/15.1.0/../../../../avr/lib/avr51\libm.a(fp_negdi.o)
                0x000068de                __fp_negdi
 .text.avr-libc.fplib
                0x000068fe        0xe C:/avr8-gnu-toolchain/bin/../lib/gcc/avr/15.1.0/../../../../avr/lib/avr51\libm.a(fp_pscA.o)
                0x000068fe                __fp_pscA
 .text.avr-libc.fplib
                0x0000690c        0xe C:/avr8-gnu-toolchain/bin/../lib/gcc/avr/15.1.0/../../../../avr/lib/avr51\libm.a(fp_pscB.o)
                0x0000690c                __fp_pscB
 .text.avr-libc.fplib
                0x0000691a       0x22 C:/avr8-gnu-toolchain/bin/../lib/gcc/avr/15.1.0/../../../../avr/lib/avr51\libm.a(fp_round.o)
                0x0000691a                __fp_round
 .text.avr-libc.fplib
                0x0000693c       0x44 C:/avr8-gnu-toolchain/bin/../lib/gcc/avr/15.1.0/../../../../avr/lib/avr51\libm.a(fp_split3.o)
                0x0000693c                __fp_split3
                0x0000694c                __fp_splitA
 .text.avr-libc.fplib
                0x00006980        0xe C:/avr8-gnu-toolchain/bin/../lib/gcc/avr/15.1.0/../../../../avr/lib/avr51\libm.a(fp_zero.o)
                0x00006980                __fp_zero
                0x00006982                __fp_szero
 .text.avr-libc.fplib
                0x0000698e        0xa C:/avr8-gnu-toolchain/bin/../lib/gcc/avr/15.1.0/../../../../avr/lib/avr51\libm.a(gesf2.o)
                0x0000698e                __gesf2
                0x0000698e                __gtsf2
 .text.avr-libc.fplib
                0x00006998        0x8 C:/avr8-gnu-toolchain/bin/../lib/gcc/avr/15.1.0/../../../../avr/lib/avr51\libm.a(mulsf3.o)
                0x00006998                __mulsf3
 .text.avr-libc.fplib
                0x000069a0       0xd2 C:/avr8-gnu-toolchain/bin/../lib/gcc/avr/15.1.0/../../../../avr/lib/avr51\libm.a(mulsf3x.o)
                0x000069be                __mulsf3x
                0x000069c4                __mulsf3_pse
 .text.avr-libc.fplib
                0x00006a72       0x8c C:/avr8-gnu-toolchain/bin/../lib/gcc/avr/15.1.0/../../../../avr/lib/avr51\libm.a(sqrt.o)
                0x00006a7e                sqrtf
                0x00006a7e                sqrt
 .text.avr-libc.fplib
                0x00006afe       0x1c C:/avr8-gnu-toolchain/bin/../lib/gcc/avr/15.1.0/../../../../avr/lib/avr51\libm.a(fp_mpack.o)
                0x00006afe                __fp_mpack
                0x00006b02                __fp_mpack_finite
 .text.avr-libc.fplib
                0x00006b1a        0xe C:/avr8-gnu-toolchain/bin/../lib/gcc/avr/15.1.0/../../../../avr/lib/avr51\libm.a(fp_norm2.o)
                0x00006b1a                __fp_norm2
 .text.avr-libc
                0x00006b28       0x40 C:/avr8-gnu-toolchain/bin/../lib/gcc/avr/15.1.0/../../../../avr/lib/avr51\libc.a(dtostrf.o)
                0x00006b28                dtostrf
                0x00006b28                ftostrf
 .text.avr-libc
                0x00006b68       0x34 C:/avr8-gnu-toolchain/bin/../lib/gcc/avr/15.1.0/../../../../avr/lib/avr51\libc.a(utoa_ncheck.o)
                0x00006b68                __utoa_ncheck
                0x00006b6a                __utoa_common
 .text.avr-libc
                0x00006b9c      0x2de C:/avr8-gnu-toolchain/bin/../lib/gcc/avr/15.1.0/../../../../avr/lib/avr51\libc.a(dtoa_prf.o)
                0x00006b9c                dtoa_prf
                0x00006b9c                ftoa_prf
 .text.avr-libc
                0x00006e7a      0x1ba C:/avr8-gnu-toolchain/bin/../lib/gcc/avr/15.1.0/../../../../avr/lib/avr51\libc.a(ftoa_engine.o)
                0x00006e7a                __ftoa_engine
 .text.avr-libc
                0x00007034       0x20 C:/avr8-gnu-toolchain/bin/../lib/gcc/avr/15.1.0/../../../../avr/lib/avr51\libc.a(strrev.o)
                0x00007034                strrev
                0x00007054                        . = ALIGN (0x2)
 *(.fini9)
 .fini9         0x00007054        0x0 C:/avr8-gnu-toolchain/bin/../lib/gcc/avr/15.1.0/avr51\libgcc.a(_exit.o)
                0x00007054                _exit
                0x00007054                exit
 *(.fini9)
 *(.fini8)
 *(.fini8)
 *(.fini7)
 *(.fini7)
 *(.fini6)
 *(.fini6)
 *(.fini5)
 *(.fini5)
 *(.fini4)
 *(.fini4)
 *(.fini3)
 *(.fini3)
 *(.fini2)
 *(.fini2)
 *(.fini1)
 *(.fini1)
 *(.fini0)
 .fini0         0x00007054        0x4 C:/avr8-gnu-toolchain/bin/../lib/gcc/avr/15.1.0/avr51\libgcc.a(_exit.o)
 *(.fini0)
 *(.jumptables)
 *(.jumptables*)
 .jumptables.gcc.write_encoder
                0x00007058        0xe encoder_manager.o
 .jumptables.gcc.scope_main
                0x00007066       0x24 scope.o
 *(.lowtext)
                0x0000708a                        _etext = .

.data           0x00800100      0x39e load address 0x0000708a
                0x00800100                        PROVIDE (__data_start = .)
 *(.data)
 .data          0x00800100        0x0 C:/avr8-gnu-toolchain/bin/../lib/gcc/avr/15.1.0/../../../../avr/lib/avr51/crtatmega128.o
 .data          0x00800100        0x0 main.o
 .data          0x00800100        0x0 Peripheral/uart.o
 .data          0x00800100        0x0 Peripheral/leds.o
 .data          0x00800100        0x0 Peripheral/input.o
 .data          0x00800100        0x5 Peripheral/video.o
                0x00800100                textwrap
                0x00800101                _height
                0x00800103                _width
 .data          0x00800105        0x5 display_manager.o
                0x00800106                old_freq
 .data          0x0080010a        0x0 fpga_manager.o
 .data          0x0080010a        0x0 autoset_manager.o
 .data          0x0080010a        0x0 encoder_manager.o
 .data          0x0080010a        0x2 trace_manager.o
 .data          0x0080010c        0x0 trigger_manager.o
 .data          0x0080010c       0x13 cursor_manager.o
                0x00800116                cursor_h_b
                0x00800118                cursor_h_a
                0x0080011a                cursor_v_b
                0x0080011c                cursor_v_a
                0x0080011e                cursor_source
 .data          0x0080011f       0x47 scope.o
                0x0080011f                time_base_labels
                0x00800149                is_vectors
                0x0080014a                old_meas_active
                0x0080014b                old_meas_type
                0x0080014c                old_meas_source
                0x0080014d                prev_enc_trig_val
                0x0080014f                prev_trigger_level
                0x00800151                prev_view_offset
                0x00800153                trigger_hysteresis
                0x00800154                trigger_source
                0x00800155                old_trigger_level_12bit
                0x00800157                trigger_level_12bit
                0x00800159                prev_time_div_sel
                0x0080015a                time_div_sel_changed
                0x0080015b                time_div_sel
                0x0080015c                old_current_time_base_idx
                0x0080015d                is_running
                0x0080015e                oldMenu
                0x0080015f                currentMenu
                0x00800160                buffers_vecchi
                0x00800164                misure
 .data          0x00800166        0x0 C:/avr8-gnu-toolchain/bin/../lib/gcc/avr/15.1.0/avr51\libgcc.a(_udivmodhi4.o)
 .data          0x00800166        0x0 C:/avr8-gnu-toolchain/bin/../lib/gcc/avr/15.1.0/avr51\libgcc.a(_divmodhi4.o)
 .data          0x00800166        0x0 C:/avr8-gnu-toolchain/bin/../lib/gcc/avr/15.1.0/avr51\libgcc.a(_udivmodsi4.o)
 .data          0x00800166        0x0 C:/avr8-gnu-toolchain/bin/../lib/gcc/avr/15.1.0/avr51\libgcc.a(_divmodsi4.o)
 .data          0x00800166        0x0 C:/avr8-gnu-toolchain/bin/../lib/gcc/avr/15.1.0/avr51\libgcc.a(_negsi2.o)
 .data          0x00800166        0x0 C:/avr8-gnu-toolchain/bin/../lib/gcc/avr/15.1.0/avr51\libgcc.a(_exit.o)
 .data          0x00800166        0x0 C:/avr8-gnu-toolchain/bin/../lib/gcc/avr/15.1.0/avr51\libgcc.a(_tablejump2.o)
 .data          0x00800166        0x0 C:/avr8-gnu-toolchain/bin/../lib/gcc/avr/15.1.0/avr51\libgcc.a(_copy_data.o)
 .data          0x00800166        0x0 C:/avr8-gnu-toolchain/bin/../lib/gcc/avr/15.1.0/avr51\libgcc.a(_clear_bss.o)
 .data          0x00800166        0x0 C:/avr8-gnu-toolchain/bin/../lib/gcc/avr/15.1.0/avr51\libgcc.a(_muluhisi3.o)
 .data          0x00800166        0x0 C:/avr8-gnu-toolchain/bin/../lib/gcc/avr/15.1.0/avr51\libgcc.a(_mulsidi3.o)
 .data          0x00800166        0x0 C:/avr8-gnu-toolchain/bin/../lib/gcc/avr/15.1.0/avr51\libgcc.a(_umulsidi3.o)
 .data          0x00800166        0x0 C:/avr8-gnu-toolchain/bin/../lib/gcc/avr/15.1.0/avr51\libgcc.a(_adddi3.o)
 .data          0x00800166        0x0 C:/avr8-gnu-toolchain/bin/../lib/gcc/avr/15.1.0/avr51\libgcc.a(_umulhisi3.o)
 .data          0x00800166        0x0 C:/avr8-gnu-toolchain/bin/../lib/gcc/avr/15.1.0/avr51\libgcc.a(_muldi3_6.o)
 .data          0x00800166        0x0 C:/avr8-gnu-toolchain/bin/../lib/gcc/avr/15.1.0/../../../../avr/lib/avr51\libm.a(addsf3.o)
 .data          0x00800166        0x0 C:/avr8-gnu-toolchain/bin/../lib/gcc/avr/15.1.0/../../../../avr/lib/avr51\libm.a(addsf3x.o)
 .data          0x00800166        0x0 C:/avr8-gnu-toolchain/bin/../lib/gcc/avr/15.1.0/../../../../avr/lib/avr51\libm.a(cmpsf2.o)
 .data          0x00800166        0x0 C:/avr8-gnu-toolchain/bin/../lib/gcc/avr/15.1.0/../../../../avr/lib/avr51\libm.a(divsf3.o)
 .data          0x00800166        0x0 C:/avr8-gnu-toolchain/bin/../lib/gcc/avr/15.1.0/../../../../avr/lib/avr51\libm.a(divsf3x.o)
 .data          0x00800166        0x0 C:/avr8-gnu-toolchain/bin/../lib/gcc/avr/15.1.0/../../../../avr/lib/avr51\libm.a(fixsfsi.o)
 .data          0x00800166        0x0 C:/avr8-gnu-toolchain/bin/../lib/gcc/avr/15.1.0/../../../../avr/lib/avr51\libm.a(fixunssfsi.o)
 .data          0x00800166        0x0 C:/avr8-gnu-toolchain/bin/../lib/gcc/avr/15.1.0/../../../../avr/lib/avr51\libm.a(floatdisf.o)
 .data          0x00800166        0x0 C:/avr8-gnu-toolchain/bin/../lib/gcc/avr/15.1.0/../../../../avr/lib/avr51\libm.a(floatsisf.o)
 .data          0x00800166        0x0 C:/avr8-gnu-toolchain/bin/../lib/gcc/avr/15.1.0/../../../../avr/lib/avr51\libm.a(floatundisf.o)
 .data          0x00800166        0x0 C:/avr8-gnu-toolchain/bin/../lib/gcc/avr/15.1.0/../../../../avr/lib/avr51\libm.a(fp_cmp.o)
 .data          0x00800166        0x0 C:/avr8-gnu-toolchain/bin/../lib/gcc/avr/15.1.0/../../../../avr/lib/avr51\libm.a(fp_inf.o)
 .data          0x00800166        0x0 C:/avr8-gnu-toolchain/bin/../lib/gcc/avr/15.1.0/../../../../avr/lib/avr51\libm.a(fp_nan.o)
 .data          0x00800166        0x0 C:/avr8-gnu-toolchain/bin/../lib/gcc/avr/15.1.0/../../../../avr/lib/avr51\libm.a(fp_negdi.o)
 .data          0x00800166        0x0 C:/avr8-gnu-toolchain/bin/../lib/gcc/avr/15.1.0/../../../../avr/lib/avr51\libm.a(fp_pscA.o)
 .data          0x00800166        0x0 C:/avr8-gnu-toolchain/bin/../lib/gcc/avr/15.1.0/../../../../avr/lib/avr51\libm.a(fp_pscB.o)
 .data          0x00800166        0x0 C:/avr8-gnu-toolchain/bin/../lib/gcc/avr/15.1.0/../../../../avr/lib/avr51\libm.a(fp_round.o)
 .data          0x00800166        0x0 C:/avr8-gnu-toolchain/bin/../lib/gcc/avr/15.1.0/../../../../avr/lib/avr51\libm.a(fp_split3.o)
 .data          0x00800166        0x0 C:/avr8-gnu-toolchain/bin/../lib/gcc/avr/15.1.0/../../../../avr/lib/avr51\libm.a(fp_zero.o)
 .data          0x00800166        0x0 C:/avr8-gnu-toolchain/bin/../lib/gcc/avr/15.1.0/../../../../avr/lib/avr51\libm.a(gesf2.o)
 .data          0x00800166        0x0 C:/avr8-gnu-toolchain/bin/../lib/gcc/avr/15.1.0/../../../../avr/lib/avr51\libm.a(mulsf3.o)
 .data          0x00800166        0x0 C:/avr8-gnu-toolchain/bin/../lib/gcc/avr/15.1.0/../../../../avr/lib/avr51\libm.a(mulsf3x.o)
 .data          0x00800166        0x0 C:/avr8-gnu-toolchain/bin/../lib/gcc/avr/15.1.0/../../../../avr/lib/avr51\libm.a(sqrt.o)
 .data          0x00800166        0x0 C:/avr8-gnu-toolchain/bin/../lib/gcc/avr/15.1.0/../../../../avr/lib/avr51\libm.a(fp_mpack.o)
 .data          0x00800166        0x0 C:/avr8-gnu-toolchain/bin/../lib/gcc/avr/15.1.0/../../../../avr/lib/avr51\libm.a(fp_norm2.o)
 .data          0x00800166        0x0 C:/avr8-gnu-toolchain/bin/../lib/gcc/avr/15.1.0/../../../../avr/lib/avr51\libc.a(dtostrf.o)
 .data          0x00800166        0x0 C:/avr8-gnu-toolchain/bin/../lib/gcc/avr/15.1.0/../../../../avr/lib/avr51\libc.a(utoa_ncheck.o)
 .data          0x00800166        0x0 C:/avr8-gnu-toolchain/bin/../lib/gcc/avr/15.1.0/../../../../avr/lib/avr51\libc.a(dtoa_prf.o)
 .data          0x00800166        0x0 C:/avr8-gnu-toolchain/bin/../lib/gcc/avr/15.1.0/../../../../avr/lib/avr51\libc.a(ftoa_engine.o)
 .data          0x00800166        0x0 C:/avr8-gnu-toolchain/bin/../lib/gcc/avr/15.1.0/../../../../avr/lib/avr51\libc.a(strrev.o)
 *(.data*)
 *(.rodata)
 .rodata        0x00800166       0x1c display_manager.o
 .rodata        0x00800182       0xac scope.o
                0x0080019e                timebase_seconds
                0x008001f2                trigger_steps_table
                0x00800206                v_div_values
 *(.rodata*)
 .rodata.str1.1
                0x0080022e      0x26f main.o
                                 0x30 (size before relaxing)
 .rodata.str1.1
                0x0080049d       0x11 Peripheral/uart.o
 .rodata.str1.1
                0x0080049d        0x6 Peripheral/video.o
 .rodata.str1.1
                0x0080049d      0x17e display_manager.o
 .rodata.str1.1
                0x0080049d        0x8 autoset_manager.o
 .rodata.str1.1
                0x0080049d       0x1e cursor_manager.o
 .rodata.str1.1
                0x0080049d       0xe3 scope.o
 *(.gnu.linkonce.d*)
                0x0080061c                        . = ALIGN (0x2)
 *fill*         0x0080049d        0x1 
                0x0080049e                        _edata = .
                0x0080049e                        PROVIDE (__data_end = .)

.bss            0x0080049e     0x1906 load address 0x00007428
                0x0080049e                        PROVIDE (__bss_start = .)
 *(.bss)
 .bss           0x0080049e        0x0 C:/avr8-gnu-toolchain/bin/../lib/gcc/avr/15.1.0/../../../../avr/lib/avr51/crtatmega128.o
 .bss           0x0080049e        0x0 main.o
 .bss           0x0080049e        0x0 Peripheral/uart.o
 .bss           0x0080049e        0x0 Peripheral/leds.o
 .bss           0x0080049e        0xe Peripheral/input.o
                0x0080049e                encoder_values
 .bss           0x008004ac       0x19 Peripheral/video.o
                0x008004ac                rotation
                0x008004ad                textdatum
                0x008004ae                textsize
                0x008004af                textfont
                0x008004b0                padX
                0x008004b2                win_ye
                0x008004b4                win_xe
                0x008004b6                cursor_y
                0x008004b8                cursor_x
                0x008004ba                addr_col
                0x008004bc                addr_row
                0x008004be                fontsloaded
                0x008004c0                textbgcolor
                0x008004c2                textcolor
                0x008004c4                _rotation
 .bss           0x008004c5        0x0 display_manager.o
 .bss           0x008004c5       0x8c fpga_manager.o
                0x008004c5                view_offset
 .bss           0x00800551        0x0 autoset_manager.o
 .bss           0x00800551        0x1 encoder_manager.o
                0x00800551                current_enc_mode
 .bss           0x00800552      0xfd0 trace_manager.o
                0x00800552                gnd_mark_c
                0x0080055a                gnd_mark_b
                0x00800562                gnd_mark_a
                0x0080056a                old_c
                0x0080056e                old_b
                0x00800572                old_a
                0x00800576                old_buffer_b
                0x0080095e                old_buffer_a
                0x00800d46                ch2_buffer
                0x0080112e                ch1_buffer
 .bss           0x00801522        0x0 trigger_manager.o
 .bss           0x00801522       0x37 cursor_manager.o
                0x00801522                str_tb
                0x00801536                str_ta
                0x0080154a                cursor_select
                0x0080154b                cursor_type
 .bss           0x00801559      0x84b scope.o
                0x00801559                is_xy_mode
                0x0080155a                old_f_active
                0x0080155b                trigger_slope
                0x0080155c                trigger_mode
                0x0080155d                current_time_base_idx
                0x0080155e                pan_flag
                0x0080155f                freeze
                0x00801560                ch2
                0x0080158c                ch1
                0x008015b8                buffer_storage_B
                0x008019a0                buffer_storage_A
                0x00801d88                misure_data
 .bss           0x00801da4        0x0 C:/avr8-gnu-toolchain/bin/../lib/gcc/avr/15.1.0/avr51\libgcc.a(_udivmodhi4.o)
 .bss           0x00801da4        0x0 C:/avr8-gnu-toolchain/bin/../lib/gcc/avr/15.1.0/avr51\libgcc.a(_divmodhi4.o)
 .bss           0x00801da4        0x0 C:/avr8-gnu-toolchain/bin/../lib/gcc/avr/15.1.0/avr51\libgcc.a(_udivmodsi4.o)
 .bss           0x00801da4        0x0 C:/avr8-gnu-toolchain/bin/../lib/gcc/avr/15.1.0/avr51\libgcc.a(_divmodsi4.o)
 .bss           0x00801da4        0x0 C:/avr8-gnu-toolchain/bin/../lib/gcc/avr/15.1.0/avr51\libgcc.a(_negsi2.o)
 .bss           0x00801da4        0x0 C:/avr8-gnu-toolchain/bin/../lib/gcc/avr/15.1.0/avr51\libgcc.a(_exit.o)
 .bss           0x00801da4        0x0 C:/avr8-gnu-toolchain/bin/../lib/gcc/avr/15.1.0/avr51\libgcc.a(_tablejump2.o)
 .bss           0x00801da4        0x0 C:/avr8-gnu-toolchain/bin/../lib/gcc/avr/15.1.0/avr51\libgcc.a(_copy_data.o)
 .bss           0x00801da4        0x0 C:/avr8-gnu-toolchain/bin/../lib/gcc/avr/15.1.0/avr51\libgcc.a(_clear_bss.o)
 .bss           0x00801da4        0x0 C:/avr8-gnu-toolchain/bin/../lib/gcc/avr/15.1.0/avr51\libgcc.a(_muluhisi3.o)
 .bss           0x00801da4        0x0 C:/avr8-gnu-toolchain/bin/../lib/gcc/avr/15.1.0/avr51\libgcc.a(_mulsidi3.o)
 .bss           0x00801da4        0x0 C:/avr8-gnu-toolchain/bin/../lib/gcc/avr/15.1.0/avr51\libgcc.a(_umulsidi3.o)
 .bss           0x00801da4        0x0 C:/avr8-gnu-toolchain/bin/../lib/gcc/avr/15.1.0/avr51\libgcc.a(_adddi3.o)
 .bss           0x00801da4        0x0 C:/avr8-gnu-toolchain/bin/../lib/gcc/avr/15.1.0/avr51\libgcc.a(_umulhisi3.o)
 .bss           0x00801da4        0x0 C:/avr8-gnu-toolchain/bin/../lib/gcc/avr/15.1.0/avr51\libgcc.a(_muldi3_6.o)
 .bss           0x00801da4        0x0 C:/avr8-gnu-toolchain/bin/../lib/gcc/avr/15.1.0/../../../../avr/lib/avr51\libm.a(addsf3.o)
 .bss           0x00801da4        0x0 C:/avr8-gnu-toolchain/bin/../lib/gcc/avr/15.1.0/../../../../avr/lib/avr51\libm.a(addsf3x.o)
 .bss           0x00801da4        0x0 C:/avr8-gnu-toolchain/bin/../lib/gcc/avr/15.1.0/../../../../avr/lib/avr51\libm.a(cmpsf2.o)
 .bss           0x00801da4        0x0 C:/avr8-gnu-toolchain/bin/../lib/gcc/avr/15.1.0/../../../../avr/lib/avr51\libm.a(divsf3.o)
 .bss           0x00801da4        0x0 C:/avr8-gnu-toolchain/bin/../lib/gcc/avr/15.1.0/../../../../avr/lib/avr51\libm.a(divsf3x.o)
 .bss           0x00801da4        0x0 C:/avr8-gnu-toolchain/bin/../lib/gcc/avr/15.1.0/../../../../avr/lib/avr51\libm.a(fixsfsi.o)
 .bss           0x00801da4        0x0 C:/avr8-gnu-toolchain/bin/../lib/gcc/avr/15.1.0/../../../../avr/lib/avr51\libm.a(fixunssfsi.o)
 .bss           0x00801da4        0x0 C:/avr8-gnu-toolchain/bin/../lib/gcc/avr/15.1.0/../../../../avr/lib/avr51\libm.a(floatdisf.o)
 .bss           0x00801da4        0x0 C:/avr8-gnu-toolchain/bin/../lib/gcc/avr/15.1.0/../../../../avr/lib/avr51\libm.a(floatsisf.o)
 .bss           0x00801da4        0x0 C:/avr8-gnu-toolchain/bin/../lib/gcc/avr/15.1.0/../../../../avr/lib/avr51\libm.a(floatundisf.o)
 .bss           0x00801da4        0x0 C:/avr8-gnu-toolchain/bin/../lib/gcc/avr/15.1.0/../../../../avr/lib/avr51\libm.a(fp_cmp.o)
 .bss           0x00801da4        0x0 C:/avr8-gnu-toolchain/bin/../lib/gcc/avr/15.1.0/../../../../avr/lib/avr51\libm.a(fp_inf.o)
 .bss           0x00801da4        0x0 C:/avr8-gnu-toolchain/bin/../lib/gcc/avr/15.1.0/../../../../avr/lib/avr51\libm.a(fp_nan.o)
 .bss           0x00801da4        0x0 C:/avr8-gnu-toolchain/bin/../lib/gcc/avr/15.1.0/../../../../avr/lib/avr51\libm.a(fp_negdi.o)
 .bss           0x00801da4        0x0 C:/avr8-gnu-toolchain/bin/../lib/gcc/avr/15.1.0/../../../../avr/lib/avr51\libm.a(fp_pscA.o)
 .bss           0x00801da4        0x0 C:/avr8-gnu-toolchain/bin/../lib/gcc/avr/15.1.0/../../../../avr/lib/avr51\libm.a(fp_pscB.o)
 .bss           0x00801da4        0x0 C:/avr8-gnu-toolchain/bin/../lib/gcc/avr/15.1.0/../../../../avr/lib/avr51\libm.a(fp_round.o)
 .bss           0x00801da4        0x0 C:/avr8-gnu-toolchain/bin/../lib/gcc/avr/15.1.0/../../../../avr/lib/avr51\libm.a(fp_split3.o)
 .bss           0x00801da4        0x0 C:/avr8-gnu-toolchain/bin/../lib/gcc/avr/15.1.0/../../../../avr/lib/avr51\libm.a(fp_zero.o)
 .bss           0x00801da4        0x0 C:/avr8-gnu-toolchain/bin/../lib/gcc/avr/15.1.0/../../../../avr/lib/avr51\libm.a(gesf2.o)
 .bss           0x00801da4        0x0 C:/avr8-gnu-toolchain/bin/../lib/gcc/avr/15.1.0/../../../../avr/lib/avr51\libm.a(mulsf3.o)
 .bss           0x00801da4        0x0 C:/avr8-gnu-toolchain/bin/../lib/gcc/avr/15.1.0/../../../../avr/lib/avr51\libm.a(mulsf3x.o)
 .bss           0x00801da4        0x0 C:/avr8-gnu-toolchain/bin/../lib/gcc/avr/15.1.0/../../../../avr/lib/avr51\libm.a(sqrt.o)
 .bss           0x00801da4        0x0 C:/avr8-gnu-toolchain/bin/../lib/gcc/avr/15.1.0/../../../../avr/lib/avr51\libm.a(fp_mpack.o)
 .bss           0x00801da4        0x0 C:/avr8-gnu-toolchain/bin/../lib/gcc/avr/15.1.0/../../../../avr/lib/avr51\libm.a(fp_norm2.o)
 .bss           0x00801da4        0x0 C:/avr8-gnu-toolchain/bin/../lib/gcc/avr/15.1.0/../../../../avr/lib/avr51\libc.a(dtostrf.o)
 .bss           0x00801da4        0x0 C:/avr8-gnu-toolchain/bin/../lib/gcc/avr/15.1.0/../../../../avr/lib/avr51\libc.a(utoa_ncheck.o)
 .bss           0x00801da4        0x0 C:/avr8-gnu-toolchain/bin/../lib/gcc/avr/15.1.0/../../../../avr/lib/avr51\libc.a(dtoa_prf.o)
 .bss           0x00801da4        0x0 C:/avr8-gnu-toolchain/bin/../lib/gcc/avr/15.1.0/../../../../avr/lib/avr51\libc.a(ftoa_engine.o)
 .bss           0x00801da4        0x0 C:/avr8-gnu-toolchain/bin/../lib/gcc/avr/15.1.0/../../../../avr/lib/avr51\libc.a(strrev.o)
 *(.bss*)
 *(COMMON)
                0x00801da4                        PROVIDE (__bss_end = .)
                0x0000708a                        __data_load_start = LOADADDR (.data)
                0x00007428                        __data_load_end = (__data_load_start + SIZEOF (.data))
OUTPUT(firmware.elf elf32-avr)
LOAD linker stubs

.note.gnu.avr.deviceinfo
                0x00000000       0x3c
 .note.gnu.avr.deviceinfo
                0x00000000       0x3c C:/avr8-gnu-toolchain/bin/../lib/gcc/avr/15.1.0/../../../../avr/lib/avr51/crtatmega128.o

.comment        0x00000000       0x2f
 .comment       0x00000000       0x2f main.o
                                 0x30 (size before relaxing)
 .comment       0x0000002f       0x30 Peripheral/uart.o
 .comment       0x0000002f       0x30 Peripheral/leds.o
 .comment       0x0000002f       0x30 Peripheral/input.o
 .comment       0x0000002f       0x30 Peripheral/video.o
 .comment       0x0000002f       0x30 display_manager.o
 .comment       0x0000002f       0x30 fpga_manager.o
 .comment       0x0000002f       0x30 autoset_manager.o
 .comment       0x0000002f       0x30 encoder_manager.o
 .comment       0x0000002f       0x30 trace_manager.o
 .comment       0x0000002f       0x30 trigger_manager.o
 .comment       0x0000002f       0x30 cursor_manager.o
 .comment       0x0000002f       0x30 scope.o
 .comment       0x0000002f       0x30 C:/avr8-gnu-toolchain/bin/../lib/gcc/avr/15.1.0/../../../../avr/lib/avr51\libc.a(dtostrf.o)
 .comment       0x0000002f       0x30 C:/avr8-gnu-toolchain/bin/../lib/gcc/avr/15.1.0/../../../../avr/lib/avr51\libc.a(dtoa_prf.o)

.debug_abbrev   0x00000000      0x718
 .debug_abbrev  0x00000000      0x718 C:/avr8-gnu-toolchain/bin/../lib/gcc/avr/15.1.0/../../../../avr/lib/avr51/crtatmega128.o

.debug_info     0x00000000      0x780
 .debug_info    0x00000000      0x780 C:/avr8-gnu-toolchain/bin/../lib/gcc/avr/15.1.0/../../../../avr/lib/avr51/crtatmega128.o

.debug_line     0x00000000       0x1d
 .debug_line    0x00000000       0x1d C:/avr8-gnu-toolchain/bin/../lib/gcc/avr/15.1.0/../../../../avr/lib/avr51/crtatmega128.o

.debug_str      0x00000000      0x27d
 .debug_str     0x00000000      0x27d C:/avr8-gnu-toolchain/bin/../lib/gcc/avr/15.1.0/../../../../avr/lib/avr51/crtatmega128.o
